
> creator-sandbox-backend@1.0.0 dev
> ts-node-dev src/index.ts

[INFO] 12:52:13 ts-node-dev ver. 2.0.0 (using ts-node ver. 10.9.2, typescript ver. 5.9.3)
Compilation error in /app/backend/src/index.ts
Error: Must use import to load ES Module: /app/backend/src/index.ts
    at Object.<anonymous> (/app/backend/src/index.ts:1:7)
    at Module.<anonymous> (node:internal/modules/cjs/loader:1705:14)
    at Module._compile (/app/backend/node_modules/source-map-support/source-map-support.js:568:25)
    at Module.m._compile (/tmp/ts-node-dev-hook-21902154180228917.js:69:33)
    at node:internal/modules/cjs/loader:1838:10
    at require.extensions..jsx.require.extensions..js (/tmp/ts-node-dev-hook-21902154180228917.js:114:20)
    at require.extensions.<computed> (/tmp/ts-node-dev-hook-21902154180228917.js:71:20)
    at Object.nodeDevHook [as .ts] (/app/backend/node_modules/ts-node-dev/lib/hook.js:63:13)
    at Module.load (node:internal/modules/cjs/loader:1441:32)
    at Function._load (node:internal/modules/cjs/loader:1263:12)
[ERROR] 12:52:13 Error: Must use import to load ES Module: /app/backend/src/index.ts
[INFO] 14:59:14 Restarting: /app/backend/src/index.ts has been modified
Compilation error in /app/backend/src/index.ts
Error: Must use import to load ES Module: /app/backend/src/index.ts
    at Object.<anonymous> (/app/backend/src/index.ts:1:7)
    at Module.<anonymous> (node:internal/modules/cjs/loader:1705:14)
    at Module._compile (/app/backend/node_modules/source-map-support/source-map-support.js:568:25)
    at Module.m._compile (/tmp/ts-node-dev-hook-21902154180228917.js:69:33)
    at node:internal/modules/cjs/loader:1838:10
    at require.extensions..jsx.require.extensions..js (/tmp/ts-node-dev-hook-21902154180228917.js:114:20)
    at require.extensions.<computed> (/tmp/ts-node-dev-hook-21902154180228917.js:71:20)
    at Object.nodeDevHook [as .ts] (/app/backend/node_modules/ts-node-dev/lib/hook.js:63:13)
    at Module.load (node:internal/modules/cjs/loader:1441:32)
    at Function._load (node:internal/modules/cjs/loader:1263:12)
[ERROR] 14:59:14 Error: Must use import to load ES Module: /app/backend/src/index.ts
[INFO] 17:26:04 Restarting: /app/backend/src/index.ts has been modified
Compilation error in /app/backend/src/index.ts
Error: Must use import to load ES Module: /app/backend/src/index.ts
    at Object.<anonymous> (/app/backend/src/index.ts:1:7)
    at Module.<anonymous> (node:internal/modules/cjs/loader:1705:14)
    at Module._compile (/app/backend/node_modules/source-map-support/source-map-support.js:568:25)
    at Module.m._compile (/tmp/ts-node-dev-hook-21902154180228917.js:69:33)
    at node:internal/modules/cjs/loader:1838:10
    at require.extensions..jsx.require.extensions..js (/tmp/ts-node-dev-hook-21902154180228917.js:114:20)
    at require.extensions.<computed> (/tmp/ts-node-dev-hook-21902154180228917.js:71:20)
    at Object.nodeDevHook [as .ts] (/app/backend/node_modules/ts-node-dev/lib/hook.js:63:13)
    at Module.load (node:internal/modules/cjs/loader:1441:32)
    at Function._load (node:internal/modules/cjs/loader:1263:12)
[ERROR] 17:26:05 Error: Must use import to load ES Module: /app/backend/src/index.ts
[INFO] 18:24:34 Restarting: /app/backend/src/index.ts has been modified
node:internal/modules/cjs/loader:1386
  throw err;
  ^

Error: Cannot find module '/app/backend/node_modules/ts-node-dev/lib/get-compiled-path'
Require stack:
- /tmp/ts-node-dev-hook-21902154180228917.js
- internal/preload
    at Function._resolveFilename (node:internal/modules/cjs/loader:1383:15)
    at defaultResolveImpl (node:internal/modules/cjs/loader:1025:19)
    at resolveForCJSWithHooks (node:internal/modules/cjs/loader:1030:22)
    at Function._load (node:internal/modules/cjs/loader:1192:37)
    at TracingChannel.traceSync (node:diagnostics_channel:328:14)
    at wrapModuleLoad (node:internal/modules/cjs/loader:237:24)
    at Module.require (node:internal/modules/cjs/loader:1463:12)
    at require (node:internal/modules/helpers:147:16)
    at Object.<anonymous> (/tmp/ts-node-dev-hook-21902154180228917.js:3:23)
    at Module._compile (node:internal/modules/cjs/loader:1705:14) {
  code: 'MODULE_NOT_FOUND',
  requireStack: [ '/tmp/ts-node-dev-hook-21902154180228917.js', 'internal/preload' ]
}

Node.js v22.22.1
